// Jest Snapshot v1, https://goo.gl/fbAQLP

exports[`测试月份组件 增加snapshot 1`] = `ReactWrapper {}`;
